13:21:00 **** Build of configuration Release for project fuck ****
make all 
I:/Vitis/2024.2/gnuwin/bin/make --no-print-directory pre-build
a9-linaro-pre-build-step
' '
I:/Vitis/2024.2/gnuwin/bin/make --no-print-directory main-build
'Building file: ../src/vdma_api/vdma_api.c'
'Invoking: ARM v7 gcc compiler'
arm-none-eabi-gcc -Wall -O2 -c -fmessage-length=0 -MT"src/vdma_api/vdma_api.o" -mcpu=cortex-a9 -mfpu=vfpv3 -mfloat-abi=hard -IF:/Workplace/Vivado/fuck/fuck_wrapper/export/fuck_wrapper/sw/fuck_wrapper/standalone_ps7_cortexa9_0/bspinclude/include -MMD -MP -MF"src/vdma_api/vdma_api.d" -MT"src/vdma_api/vdma_api.o" -o "src/vdma_api/vdma_api.o" "../src/vdma_api/vdma_api.c"
'Finished building: ../src/vdma_api/vdma_api.c'
' '
'Building file: ../src/ov5640/ov5640_init.c'
'Invoking: ARM v7 gcc compiler'
arm-none-eabi-gcc -Wall -O2 -c -fmessage-length=0 -MT"src/ov5640/ov5640_init.o" -mcpu=cortex-a9 -mfpu=vfpv3 -mfloat-abi=hard -IF:/Workplace/Vivado/fuck/fuck_wrapper/export/fuck_wrapper/sw/fuck_wrapper/standalone_ps7_cortexa9_0/bspinclude/include -MMD -MP -MF"src/ov5640/ov5640_init.d" -MT"src/ov5640/ov5640_init.o" -o "src/ov5640/ov5640_init.o" "../src/ov5640/ov5640_init.c"
'Finished building: ../src/ov5640/ov5640_init.c'
' '
'Building file: ../src/emio_sccb_cfg/emio_sccb_cfg.c'
'Invoking: ARM v7 gcc compiler'
arm-none-eabi-gcc -Wall -O2 -c -fmessage-length=0 -MT"src/emio_sccb_cfg/emio_sccb_cfg.o" -mcpu=cortex-a9 -mfpu=vfpv3 -mfloat-abi=hard -IF:/Workplace/Vivado/fuck/fuck_wrapper/export/fuck_wrapper/sw/fuck_wrapper/standalone_ps7_cortexa9_0/bspinclude/include -MMD -MP -MF"src/emio_sccb_cfg/emio_sccb_cfg.d" -MT"src/emio_sccb_cfg/emio_sccb_cfg.o" -o "src/emio_sccb_cfg/emio_sccb_cfg.o" "../src/emio_sccb_cfg/emio_sccb_cfg.c"
'Finished building: ../src/emio_sccb_cfg/emio_sccb_cfg.c'
' '
'Building file: ../src/main.c'
'Invoking: ARM v7 gcc compiler'
arm-none-eabi-gcc -Wall -O2 -c -fmessage-length=0 -MT"src/main.o" -mcpu=cortex-a9 -mfpu=vfpv3 -mfloat-abi=hard -IF:/Workplace/Vivado/fuck/fuck_wrapper/export/fuck_wrapper/sw/fuck_wrapper/standalone_ps7_cortexa9_0/bspinclude/include -MMD -MP -MF"src/main.d" -MT"src/main.o" -o "src/main.o" "../src/main.c"
'Finished building: ../src/main.c'
' '
'Building target: fuck.elf'
'Invoking: ARM v7 gcc linker'
arm-none-eabi-gcc -mcpu=cortex-a9 -mfpu=vfpv3 -mfloat-abi=hard -Wl,-build-id=none -specs=Xilinx.spec -Wl,-T -Wl,../src/lscript.ld -LF:/Workplace/Vivado/fuck/fuck_wrapper/export/fuck_wrapper/sw/fuck_wrapper/standalone_ps7_cortexa9_0/bsplib/lib -o "fuck.elf"  ./src/vdma_api/vdma_api.o  ./src/ov5640/ov5640_init.o  ./src/emio_sccb_cfg/emio_sccb_cfg.o  ./src/main.o   -Wl,--start-group,-lxil,-lgcc,-lc,--end-group
'Finished building target: fuck.elf'
' '
'Invoking: ARM v7 Print Size'
arm-none-eabi-size fuck.elf  |tee "fuck.elf.size"
   text	   data	    bss	    dec	    hex	filename
  51197	   1568	  25840	  78605	  1330d	fuck.elf
'Finished building: fuck.elf.size'
' '

13:21:02 Build Finished (took 1s.651ms)

